---
source: tests/rust_shell.rs
expression: "shell_init(\"zsh\")"
---
# >>> aw shell-init (zsh) >>>
# Wrapper that intercepts subcommands needing in-shell side effects.
aw() {
  case "${1-}" in
    start|enter|open)
      shift
      local __aw_script
      __aw_script=$(command aw _shell-start "$@") || return $?
      eval "$__aw_script"
      ;;
    *)
      command aw "$@"
      ;;
  esac
}

# Auto-activation: when cwd changes into (or out of) a workspace, export
# AGENT_WORKSPACE* and source hooks. Idempotent — safe to re-source.
__aw_chpwd() {
  local ws
  ws=$(command aw _detect-workspace "$PWD" 2>/dev/null) || return 0
  if [[ -z $ws ]]; then
    unset AGENT_WORKSPACE AGENT_WORKSPACE_NAME
    return 0
  fi
  export AGENT_WORKSPACE="$ws"
  export AGENT_WORKSPACE_NAME="${ws:t}"
  local h
  for h in "$HOME/.agent-workspaces/hooks.d"/*.sh(N) "$ws/.agent-workspace/hooks.d"/*.sh(N); do
    [[ -r $h ]] && source "$h"
  done
}
typeset -ag chpwd_functions
chpwd_functions+=(__aw_chpwd)
__aw_chpwd

# Tab completion. Cheap (~one binary launch per shell startup) and
# self-contained — clap's emitted script registers via `compdef` so this
# works even if oh-my-zsh / prezto already ran compinit.
if (( $+functions[compdef] )) || command -v compinit >/dev/null 2>&1; then
  source <(command aw completions zsh)
fi
# <<< aw shell-init (zsh) <<<
